// Jest Snapshot v1, https://goo.gl/fbAQLP

exports[`renders correctly 1`] = `
<div
  className="lIpXm"
>
  <div>
    1
  </div>
  <div>
    2
  </div>
  <div>
    3
  </div>
</div>
`;
