// Jest Snapshot v1, https://goo.gl/fbAQLP

exports[`renders correctly 1`] = `
<div
  className="jgJsZQ"
>
  This is some bold text
</div>
`;
