// Jest Snapshot v1, https://goo.gl/fbAQLP

exports[`renders correctly 1`] = `
<a
  className="igpMrq"
  src="http://npm-janitor.now.sh"
/>
`;
