// Jest Snapshot v1, https://goo.gl/fbAQLP

exports[`renders correctly 1`] = `
<img
  className="hQbxwO"
  src="static/logo.png"
/>
`;
